jfeijfiejf
